
[03-Oct-2025 20:51:41 America/New_York] BaseController::render() - Starting render for template: admin/auth/login
[03-Oct-2025 20:51:41 America/New_York] BaseController::render() - Getting settings
[03-Oct-2025 20:51:41 America/New_York] BaseController::render() - Settings loaded successfully
[03-Oct-2025 20:51:41 America/New_York] BaseController::render() - Current user ID: null
[03-Oct-2025 20:51:41 America/New_York] BaseController::render() - Getting flash messages
[03-Oct-2025 20:51:41 America/New_York] BaseController::render() - Flash messages retrieved
[03-Oct-2025 20:51:41 America/New_York] BaseController::render() - About to call view->render()
[03-Oct-2025 20:51:41 America/New_York] BaseController::render() - View rendered successfully
[03-Oct-2025 20:51:42 America/New_York] Auth::authenticate() - username: kevin
[03-Oct-2025 20:51:42 America/New_York] Auth::authenticate() - remember_me param: ''
[03-Oct-2025 20:51:42 America/New_York] Auth::authenticate() - remember_me bool: false
[03-Oct-2025 20:51:42 America/New_York] Auth::authenticate() - About to call auth->attempt()
[03-Oct-2025 20:51:42 America/New_York] Auth::startSession() - Setting session data
[03-Oct-2025 20:51:42 America/New_York] Auth::startSession() - user_id: 1
[03-Oct-2025 20:51:42 America/New_York] Auth::startSession() - logged_in: true
[03-Oct-2025 20:51:42 America/New_York] Auth::startSession() - session_id: fe0d608c226b02ac286297437ad1f442
[03-Oct-2025 20:51:42 America/New_York] Auth::authenticate() - Login successful, redirecting to dashboard
[03-Oct-2025 20:51:42 America/New_York] Dashboard::initialize() - Session data: Array
(
    [_token] => f44c028211f9753f250b028b7d0015d2621d742d1634611b59892c308a068569
    [rate_limit_c299e53971ab2662107b688563ed120e] => Array
        (
            [count] => 1
            [window_start] => 1759539102
        )

    [user_id] => 1
    [username] => kevin
    [email] => kevin@example.com
    [logged_in] => 1
    [is_admin] => 1
    [login_time] => 1759539102
    [last_activity] => 1759539102
)

[03-Oct-2025 20:51:42 America/New_York] Dashboard::initialize() - isAuthenticated(): true
[03-Oct-2025 20:51:42 America/New_York] Dashboard::index() - Successfully reached dashboard index method
[03-Oct-2025 20:51:42 America/New_York] Dashboard::index() - Step 1: About to get dashboard stats
[03-Oct-2025 20:51:42 America/New_York] Dashboard::index() - Step 1: Dashboard stats loaded successfully
[03-Oct-2025 20:51:42 America/New_York] Dashboard::index() - Step 2: About to get recent content
[03-Oct-2025 20:51:42 America/New_York] Dashboard::index() - Step 2: Recent content loaded successfully
[03-Oct-2025 20:51:42 America/New_York] Dashboard::index() - Step 3: About to get recent activity
[03-Oct-2025 20:51:42 America/New_York] Dashboard::index() - Step 3 FAILED (using fallback): Query execution failed: SQLSTATE[42S02]: Base table or view not found: 1146 Table 'dalthaus_maincms.activity_logs' doesn't exist
[03-Oct-2025 20:51:42 America/New_York] Dashboard::index() - Step 4: About to get activity stats
[03-Oct-2025 20:51:42 America/New_York] Dashboard::index() - Step 4 FAILED (using fallback): Query execution failed: SQLSTATE[42S02]: Base table or view not found: 1146 Table 'dalthaus_maincms.activity_logs' doesn't exist
[03-Oct-2025 20:51:42 America/New_York] Dashboard::index() - About to render view
[03-Oct-2025 20:51:42 America/New_York] BaseController::render() - Starting render for template: admin/dashboard/index
[03-Oct-2025 20:51:42 America/New_York] BaseController::render() - Getting settings
[03-Oct-2025 20:51:42 America/New_York] BaseController::render() - Settings loaded successfully
[03-Oct-2025 20:51:42 America/New_York] BaseController::render() - Current user ID: 1
[03-Oct-2025 20:51:42 America/New_York] BaseController::render() - Loading user model
[03-Oct-2025 20:51:42 America/New_York] BaseController::render() - User loaded successfully
[03-Oct-2025 20:51:42 America/New_York] BaseController::render() - Generating CSRF token
[03-Oct-2025 20:51:42 America/New_York] BaseController::render() - CSRF token generated
[03-Oct-2025 20:51:42 America/New_York] BaseController::render() - Getting flash messages
[03-Oct-2025 20:51:42 America/New_York] BaseController::render() - Flash messages retrieved
[03-Oct-2025 20:51:42 America/New_York] BaseController::render() - About to call view->render()
[03-Oct-2025 20:51:42 America/New_York] BaseController::render() - View rendered successfully
[03-Oct-2025 20:52:01 America/New_York] BaseController::render() - Starting render for template: admin/auth/login
[03-Oct-2025 20:52:01 America/New_York] BaseController::render() - Getting settings
[03-Oct-2025 20:52:01 America/New_York] BaseController::render() - Settings loaded successfully
[03-Oct-2025 20:52:01 America/New_York] BaseController::render() - Current user ID: null
[03-Oct-2025 20:52:01 America/New_York] BaseController::render() - Getting flash messages
[03-Oct-2025 20:52:01 America/New_York] BaseController::render() - Flash messages retrieved
[03-Oct-2025 20:52:01 America/New_York] BaseController::render() - About to call view->render()
[03-Oct-2025 20:52:01 America/New_York] BaseController::render() - View rendered successfully
[03-Oct-2025 20:52:01 America/New_York] Auth::authenticate() - username: kevin
[03-Oct-2025 20:52:01 America/New_York] Auth::authenticate() - remember_me param: ''
[03-Oct-2025 20:52:01 America/New_York] Auth::authenticate() - remember_me bool: false
[03-Oct-2025 20:52:01 America/New_York] Auth::authenticate() - About to call auth->attempt()
[03-Oct-2025 20:52:02 America/New_York] Auth::startSession() - Setting session data
[03-Oct-2025 20:52:02 America/New_York] Auth::startSession() - user_id: 1
[03-Oct-2025 20:52:02 America/New_York] Auth::startSession() - logged_in: true
[03-Oct-2025 20:52:02 America/New_York] Auth::startSession() - session_id: e87be2ba4e21c442e19ee8e6b46de1b3
[03-Oct-2025 20:52:02 America/New_York] Auth::authenticate() - Login successful, redirecting to dashboard
[03-Oct-2025 20:52:02 America/New_York] Dashboard::initialize() - Session data: Array
(
    [_token] => 70aaa33c7464930af0f5112b80da273bdeda29024000f538331ec3eabc72bc64
    [rate_limit_c299e53971ab2662107b688563ed120e] => Array
        (
            [count] => 1
            [window_start] => 1759539121
        )

    [user_id] => 1
    [username] => kevin
    [email] => kevin@example.com
    [logged_in] => 1
    [is_admin] => 1
    [login_time] => 1759539122
    [last_activity] => 1759539122
)

[03-Oct-2025 20:52:02 America/New_York] Dashboard::initialize() - isAuthenticated(): true
[03-Oct-2025 20:52:02 America/New_York] Dashboard::index() - Successfully reached dashboard index method
[03-Oct-2025 20:52:02 America/New_York] Dashboard::index() - Step 1: About to get dashboard stats
[03-Oct-2025 20:52:02 America/New_York] Dashboard::index() - Step 1: Dashboard stats loaded successfully
[03-Oct-2025 20:52:02 America/New_York] Dashboard::index() - Step 2: About to get recent content
[03-Oct-2025 20:52:02 America/New_York] Dashboard::index() - Step 2: Recent content loaded successfully
[03-Oct-2025 20:52:02 America/New_York] Dashboard::index() - Step 3: About to get recent activity
[03-Oct-2025 20:52:02 America/New_York] Dashboard::index() - Step 3 FAILED (using fallback): Query execution failed: SQLSTATE[42S02]: Base table or view not found: 1146 Table 'dalthaus_maincms.activity_logs' doesn't exist
[03-Oct-2025 20:52:02 America/New_York] Dashboard::index() - Step 4: About to get activity stats
[03-Oct-2025 20:52:02 America/New_York] Dashboard::index() - Step 4 FAILED (using fallback): Query execution failed: SQLSTATE[42S02]: Base table or view not found: 1146 Table 'dalthaus_maincms.activity_logs' doesn't exist
[03-Oct-2025 20:52:02 America/New_York] Dashboard::index() - About to render view
[03-Oct-2025 20:52:02 America/New_York] BaseController::render() - Starting render for template: admin/dashboard/index
[03-Oct-2025 20:52:02 America/New_York] BaseController::render() - Getting settings
[03-Oct-2025 20:52:02 America/New_York] BaseController::render() - Settings loaded successfully
[03-Oct-2025 20:52:02 America/New_York] BaseController::render() - Current user ID: 1
[03-Oct-2025 20:52:02 America/New_York] BaseController::render() - Loading user model
[03-Oct-2025 20:52:02 America/New_York] BaseController::render() - User loaded successfully
[03-Oct-2025 20:52:02 America/New_York] BaseController::render() - Generating CSRF token
[03-Oct-2025 20:52:02 America/New_York] BaseController::render() - CSRF token generated
[03-Oct-2025 20:52:02 America/New_York] BaseController::render() - Getting flash messages
[03-Oct-2025 20:52:02 America/New_York] BaseController::render() - Flash messages retrieved
[03-Oct-2025 20:52:02 America/New_York] BaseController::render() - About to call view->render()
[03-Oct-2025 20:52:02 America/New_York] BaseController::render() - View rendered successfully
[03-Oct-2025 20:52:02 America/New_York] BaseController::render() - Starting render for template: admin/content/create
[03-Oct-2025 20:52:02 America/New_York] BaseController::render() - Getting settings
[03-Oct-2025 20:52:02 America/New_York] BaseController::render() - Settings loaded successfully
[03-Oct-2025 20:52:02 America/New_York] BaseController::render() - Current user ID: 1
[03-Oct-2025 20:52:02 America/New_York] BaseController::render() - Loading user model
[03-Oct-2025 20:52:02 America/New_York] BaseController::render() - User loaded successfully
[03-Oct-2025 20:52:02 America/New_York] BaseController::render() - Getting flash messages
[03-Oct-2025 20:52:02 America/New_York] BaseController::render() - Flash messages retrieved
[03-Oct-2025 20:52:02 America/New_York] BaseController::render() - About to call view->render()
[03-Oct-2025 20:52:02 America/New_York] BaseController::render() - View rendered successfully
[03-Oct-2025 20:54:46 America/New_York] BaseController::render() - Starting render for template: admin/auth/login
[03-Oct-2025 20:54:46 America/New_York] BaseController::render() - Getting settings
[03-Oct-2025 20:54:46 America/New_York] BaseController::render() - Settings loaded successfully
[03-Oct-2025 20:54:46 America/New_York] BaseController::render() - Current user ID: null
[03-Oct-2025 20:54:46 America/New_York] BaseController::render() - Getting flash messages
[03-Oct-2025 20:54:46 America/New_York] BaseController::render() - Flash messages retrieved
[03-Oct-2025 20:54:46 America/New_York] BaseController::render() - About to call view->render()
[03-Oct-2025 20:54:46 America/New_York] BaseController::render() - View rendered successfully
[03-Oct-2025 20:54:46 America/New_York] Auth::authenticate() - username: kevin
[03-Oct-2025 20:54:46 America/New_York] Auth::authenticate() - remember_me param: ''
[03-Oct-2025 20:54:46 America/New_York] Auth::authenticate() - remember_me bool: false
[03-Oct-2025 20:54:46 America/New_York] Auth::authenticate() - About to call auth->attempt()
[03-Oct-2025 20:54:47 America/New_York] Auth::startSession() - Setting session data
[03-Oct-2025 20:54:47 America/New_York] Auth::startSession() - user_id: 1
[03-Oct-2025 20:54:47 America/New_York] Auth::startSession() - logged_in: true
[03-Oct-2025 20:54:47 America/New_York] Auth::startSession() - session_id: 46e5869a94beb0d295eb4db199a50d2f
[03-Oct-2025 20:54:47 America/New_York] Auth::authenticate() - Login successful, redirecting to dashboard
[03-Oct-2025 20:54:47 America/New_York] Dashboard::initialize() - Session data: Array
(
    [_token] => 91b2258893d1c9d7cb000dd58465087a2d1ab9209e7de6d43e23865eb644036d
    [rate_limit_c299e53971ab2662107b688563ed120e] => Array
        (
            [count] => 1
            [window_start] => 1759539286
        )

    [user_id] => 1
    [username] => kevin
    [email] => kevin@example.com
    [logged_in] => 1
    [is_admin] => 1
    [login_time] => 1759539287
    [last_activity] => 1759539287
)

[03-Oct-2025 20:54:47 America/New_York] Dashboard::initialize() - isAuthenticated(): true
[03-Oct-2025 20:54:47 America/New_York] Dashboard::index() - Successfully reached dashboard index method
[03-Oct-2025 20:54:47 America/New_York] Dashboard::index() - Step 1: About to get dashboard stats
[03-Oct-2025 20:54:47 America/New_York] Dashboard::index() - Step 1: Dashboard stats loaded successfully
[03-Oct-2025 20:54:47 America/New_York] Dashboard::index() - Step 2: About to get recent content
[03-Oct-2025 20:54:47 America/New_York] Dashboard::index() - Step 2: Recent content loaded successfully
[03-Oct-2025 20:54:47 America/New_York] Dashboard::index() - Step 3: About to get recent activity
[03-Oct-2025 20:54:47 America/New_York] Dashboard::index() - Step 3 FAILED (using fallback): Query execution failed: SQLSTATE[42S02]: Base table or view not found: 1146 Table 'dalthaus_maincms.activity_logs' doesn't exist
[03-Oct-2025 20:54:47 America/New_York] Dashboard::index() - Step 4: About to get activity stats
[03-Oct-2025 20:54:47 America/New_York] Dashboard::index() - Step 4 FAILED (using fallback): Query execution failed: SQLSTATE[42S02]: Base table or view not found: 1146 Table 'dalthaus_maincms.activity_logs' doesn't exist
[03-Oct-2025 20:54:47 America/New_York] Dashboard::index() - About to render view
[03-Oct-2025 20:54:47 America/New_York] BaseController::render() - Starting render for template: admin/dashboard/index
[03-Oct-2025 20:54:47 America/New_York] BaseController::render() - Getting settings
[03-Oct-2025 20:54:47 America/New_York] BaseController::render() - Settings loaded successfully
[03-Oct-2025 20:54:47 America/New_York] BaseController::render() - Current user ID: 1
[03-Oct-2025 20:54:47 America/New_York] BaseController::render() - Loading user model
[03-Oct-2025 20:54:47 America/New_York] BaseController::render() - User loaded successfully
[03-Oct-2025 20:54:47 America/New_York] BaseController::render() - Generating CSRF token
[03-Oct-2025 20:54:47 America/New_York] BaseController::render() - CSRF token generated
[03-Oct-2025 20:54:47 America/New_York] BaseController::render() - Getting flash messages
[03-Oct-2025 20:54:47 America/New_York] BaseController::render() - Flash messages retrieved
[03-Oct-2025 20:54:47 America/New_York] BaseController::render() - About to call view->render()
[03-Oct-2025 20:54:47 America/New_York] BaseController::render() - View rendered successfully
[03-Oct-2025 20:54:47 America/New_York] BaseController::render() - Starting render for template: admin/content/create
[03-Oct-2025 20:54:47 America/New_York] BaseController::render() - Getting settings
[03-Oct-2025 20:54:47 America/New_York] BaseController::render() - Settings loaded successfully
[03-Oct-2025 20:54:47 America/New_York] BaseController::render() - Current user ID: 1
[03-Oct-2025 20:54:47 America/New_York] BaseController::render() - Loading user model
[03-Oct-2025 20:54:47 America/New_York] BaseController::render() - User loaded successfully
[03-Oct-2025 20:54:47 America/New_York] BaseController::render() - Getting flash messages
[03-Oct-2025 20:54:47 America/New_York] BaseController::render() - Flash messages retrieved
[03-Oct-2025 20:54:47 America/New_York] BaseController::render() - About to call view->render()
[03-Oct-2025 20:54:47 America/New_York] BaseController::render() - View rendered successfully
[03-Oct-2025 20:56:09 America/New_York] BaseController::render() - Starting render for template: admin/auth/login
[03-Oct-2025 20:56:09 America/New_York] BaseController::render() - Getting settings
[03-Oct-2025 20:56:09 America/New_York] BaseController::render() - Settings loaded successfully
[03-Oct-2025 20:56:09 America/New_York] BaseController::render() - Current user ID: null
[03-Oct-2025 20:56:09 America/New_York] BaseController::render() - Getting flash messages
[03-Oct-2025 20:56:09 America/New_York] BaseController::render() - Flash messages retrieved
[03-Oct-2025 20:56:09 America/New_York] BaseController::render() - About to call view->render()
[03-Oct-2025 20:56:09 America/New_York] BaseController::render() - View rendered successfully
[03-Oct-2025 20:56:10 America/New_York] Auth::authenticate() - username: kevin
[03-Oct-2025 20:56:10 America/New_York] Auth::authenticate() - remember_me param: ''
[03-Oct-2025 20:56:10 America/New_York] Auth::authenticate() - remember_me bool: false
[03-Oct-2025 20:56:10 America/New_York] Auth::authenticate() - About to call auth->attempt()
[03-Oct-2025 20:56:10 America/New_York] Auth::startSession() - Setting session data
[03-Oct-2025 20:56:10 America/New_York] Auth::startSession() - user_id: 1
[03-Oct-2025 20:56:10 America/New_York] Auth::startSession() - logged_in: true
[03-Oct-2025 20:56:10 America/New_York] Auth::startSession() - session_id: 6eb249712aaa7d0b285c5a0afeb5681c
[03-Oct-2025 20:56:10 America/New_York] Auth::authenticate() - Login successful, redirecting to dashboard
[03-Oct-2025 20:56:10 America/New_York] Dashboard::initialize() - Session data: Array
(
    [_token] => c6c6d635afbed96f9ea63dcf36907367599aae694174ce2abf77bf17ae287ea3
    [rate_limit_c299e53971ab2662107b688563ed120e] => Array
        (
            [count] => 1
            [window_start] => 1759539370
        )

    [user_id] => 1
    [username] => kevin
    [email] => kevin@example.com
    [logged_in] => 1
    [is_admin] => 1
    [login_time] => 1759539370
    [last_activity] => 1759539370
)

[03-Oct-2025 20:56:10 America/New_York] Dashboard::initialize() - isAuthenticated(): true
[03-Oct-2025 20:56:10 America/New_York] Dashboard::index() - Successfully reached dashboard index method
[03-Oct-2025 20:56:10 America/New_York] Dashboard::index() - Step 1: About to get dashboard stats
[03-Oct-2025 20:56:10 America/New_York] Dashboard::index() - Step 1: Dashboard stats loaded successfully
[03-Oct-2025 20:56:10 America/New_York] Dashboard::index() - Step 2: About to get recent content
[03-Oct-2025 20:56:10 America/New_York] Dashboard::index() - Step 2: Recent content loaded successfully
[03-Oct-2025 20:56:10 America/New_York] Dashboard::index() - Step 3: About to get recent activity
[03-Oct-2025 20:56:10 America/New_York] Dashboard::index() - Step 3 FAILED (using fallback): Query execution failed: SQLSTATE[42S02]: Base table or view not found: 1146 Table 'dalthaus_maincms.activity_logs' doesn't exist
[03-Oct-2025 20:56:10 America/New_York] Dashboard::index() - Step 4: About to get activity stats
[03-Oct-2025 20:56:10 America/New_York] Dashboard::index() - Step 4 FAILED (using fallback): Query execution failed: SQLSTATE[42S02]: Base table or view not found: 1146 Table 'dalthaus_maincms.activity_logs' doesn't exist
[03-Oct-2025 20:56:10 America/New_York] Dashboard::index() - About to render view
[03-Oct-2025 20:56:10 America/New_York] BaseController::render() - Starting render for template: admin/dashboard/index
[03-Oct-2025 20:56:10 America/New_York] BaseController::render() - Getting settings
[03-Oct-2025 20:56:10 America/New_York] BaseController::render() - Settings loaded successfully
[03-Oct-2025 20:56:10 America/New_York] BaseController::render() - Current user ID: 1
[03-Oct-2025 20:56:10 America/New_York] BaseController::render() - Loading user model
[03-Oct-2025 20:56:10 America/New_York] BaseController::render() - User loaded successfully
[03-Oct-2025 20:56:10 America/New_York] BaseController::render() - Generating CSRF token
[03-Oct-2025 20:56:10 America/New_York] BaseController::render() - CSRF token generated
[03-Oct-2025 20:56:10 America/New_York] BaseController::render() - Getting flash messages
[03-Oct-2025 20:56:10 America/New_York] BaseController::render() - Flash messages retrieved
[03-Oct-2025 20:56:10 America/New_York] BaseController::render() - About to call view->render()
[03-Oct-2025 20:56:10 America/New_York] BaseController::render() - View rendered successfully
[03-Oct-2025 20:56:10 America/New_York] BaseController::render() - Starting render for template: admin/content/create
[03-Oct-2025 20:56:10 America/New_York] BaseController::render() - Getting settings
[03-Oct-2025 20:56:10 America/New_York] BaseController::render() - Settings loaded successfully
[03-Oct-2025 20:56:10 America/New_York] BaseController::render() - Current user ID: 1
[03-Oct-2025 20:56:10 America/New_York] BaseController::render() - Loading user model
[03-Oct-2025 20:56:10 America/New_York] BaseController::render() - User loaded successfully
[03-Oct-2025 20:56:10 America/New_York] BaseController::render() - Getting flash messages
[03-Oct-2025 20:56:10 America/New_York] BaseController::render() - Flash messages retrieved
[03-Oct-2025 20:56:10 America/New_York] BaseController::render() - About to call view->render()
[03-Oct-2025 20:56:10 America/New_York] BaseController::render() - View rendered successfully
[03-Oct-2025 20:56:46 America/New_York] BaseController::render() - Starting render for template: admin/auth/login
[03-Oct-2025 20:56:46 America/New_York] BaseController::render() - Getting settings
[03-Oct-2025 20:56:46 America/New_York] BaseController::render() - Settings loaded successfully
[03-Oct-2025 20:56:46 America/New_York] BaseController::render() - Current user ID: 1
[03-Oct-2025 20:56:46 America/New_York] BaseController::render() - Loading user model
[03-Oct-2025 20:56:46 America/New_York] BaseController::render() - User loaded successfully
[03-Oct-2025 20:56:46 America/New_York] BaseController::render() - Getting flash messages
[03-Oct-2025 20:56:46 America/New_York] BaseController::render() - Flash messages retrieved
[03-Oct-2025 20:56:46 America/New_York] BaseController::render() - About to call view->render()
[03-Oct-2025 20:56:46 America/New_York] BaseController::render() - View rendered successfully
[03-Oct-2025 20:56:46 America/New_York] Auth::authenticate() - username: kevin
[03-Oct-2025 20:56:46 America/New_York] Auth::authenticate() - remember_me param: ''
[03-Oct-2025 20:56:46 America/New_York] Auth::authenticate() - remember_me bool: false
[03-Oct-2025 20:56:46 America/New_York] Auth::authenticate() - About to call auth->attempt()
[03-Oct-2025 20:56:46 America/New_York] Auth::startSession() - Setting session data
[03-Oct-2025 20:56:46 America/New_York] Auth::startSession() - user_id: 1
[03-Oct-2025 20:56:46 America/New_York] Auth::startSession() - logged_in: true
[03-Oct-2025 20:56:46 America/New_York] Auth::startSession() - session_id: 44fead5dce4a4ea6618ddd3b9ab9c722
[03-Oct-2025 20:56:46 America/New_York] Auth::authenticate() - Login successful, redirecting to dashboard
[03-Oct-2025 20:56:46 America/New_York] Dashboard::initialize() - Session data: Array
(
    [_token] => c6c6d635afbed96f9ea63dcf36907367599aae694174ce2abf77bf17ae287ea3
    [rate_limit_c299e53971ab2662107b688563ed120e] => Array
        (
            [count] => 2
            [window_start] => 1759539370
        )

    [user_id] => 1
    [username] => kevin
    [email] => kevin@example.com
    [logged_in] => 1
    [is_admin] => 1
    [login_time] => 1759539406
    [last_activity] => 1759539406
)

[03-Oct-2025 20:56:46 America/New_York] Dashboard::initialize() - isAuthenticated(): true
[03-Oct-2025 20:56:46 America/New_York] Dashboard::index() - Successfully reached dashboard index method
[03-Oct-2025 20:56:46 America/New_York] Dashboard::index() - Step 1: About to get dashboard stats
[03-Oct-2025 20:56:46 America/New_York] Dashboard::index() - Step 1: Dashboard stats loaded successfully
[03-Oct-2025 20:56:46 America/New_York] Dashboard::index() - Step 2: About to get recent content
[03-Oct-2025 20:56:46 America/New_York] Dashboard::index() - Step 2: Recent content loaded successfully
[03-Oct-2025 20:56:46 America/New_York] Dashboard::index() - Step 3: About to get recent activity
[03-Oct-2025 20:56:46 America/New_York] Dashboard::index() - Step 3 FAILED (using fallback): Query execution failed: SQLSTATE[42S02]: Base table or view not found: 1146 Table 'dalthaus_maincms.activity_logs' doesn't exist
[03-Oct-2025 20:56:46 America/New_York] Dashboard::index() - Step 4: About to get activity stats
[03-Oct-2025 20:56:46 America/New_York] Dashboard::index() - Step 4 FAILED (using fallback): Query execution failed: SQLSTATE[42S02]: Base table or view not found: 1146 Table 'dalthaus_maincms.activity_logs' doesn't exist
[03-Oct-2025 20:56:46 America/New_York] Dashboard::index() - About to render view
[03-Oct-2025 20:56:46 America/New_York] BaseController::render() - Starting render for template: admin/dashboard/index
[03-Oct-2025 20:56:46 America/New_York] BaseController::render() - Getting settings
[03-Oct-2025 20:56:46 America/New_York] BaseController::render() - Settings loaded successfully
[03-Oct-2025 20:56:46 America/New_York] BaseController::render() - Current user ID: 1
[03-Oct-2025 20:56:46 America/New_York] BaseController::render() - Loading user model
[03-Oct-2025 20:56:46 America/New_York] BaseController::render() - User loaded successfully
[03-Oct-2025 20:56:46 America/New_York] BaseController::render() - Generating CSRF token
[03-Oct-2025 20:56:46 America/New_York] BaseController::render() - CSRF token generated
[03-Oct-2025 20:56:46 America/New_York] BaseController::render() - Getting flash messages
[03-Oct-2025 20:56:46 America/New_York] BaseController::render() - Flash messages retrieved
[03-Oct-2025 20:56:46 America/New_York] BaseController::render() - About to call view->render()
[03-Oct-2025 20:56:46 America/New_York] BaseController::render() - View rendered successfully
[03-Oct-2025 20:56:47 America/New_York] BaseController::render() - Starting render for template: admin/content/index
[03-Oct-2025 20:56:47 America/New_York] BaseController::render() - Getting settings
[03-Oct-2025 20:56:47 America/New_York] BaseController::render() - Settings loaded successfully
[03-Oct-2025 20:56:47 America/New_York] BaseController::render() - Current user ID: 1
[03-Oct-2025 20:56:47 America/New_York] BaseController::render() - Loading user model
[03-Oct-2025 20:56:47 America/New_York] BaseController::render() - User loaded successfully
[03-Oct-2025 20:56:47 America/New_York] BaseController::render() - Getting flash messages
[03-Oct-2025 20:56:47 America/New_York] BaseController::render() - Flash messages retrieved
[03-Oct-2025 20:56:47 America/New_York] BaseController::render() - About to call view->render()
[03-Oct-2025 20:56:47 America/New_York] BaseController::render() - View rendered successfully
[03-Oct-2025 21:12:23 America/New_York] BaseController::render() - Starting render for template: admin/auth/login
[03-Oct-2025 21:12:23 America/New_York] BaseController::render() - Getting settings
[03-Oct-2025 21:12:23 America/New_York] BaseController::render() - Settings loaded successfully
[03-Oct-2025 21:12:23 America/New_York] BaseController::render() - Current user ID: null
[03-Oct-2025 21:12:23 America/New_York] BaseController::render() - Getting flash messages
[03-Oct-2025 21:12:23 America/New_York] BaseController::render() - Flash messages retrieved
[03-Oct-2025 21:12:23 America/New_York] BaseController::render() - About to call view->render()
[03-Oct-2025 21:12:23 America/New_York] BaseController::render() - View rendered successfully
[03-Oct-2025 21:12:24 America/New_York] Auth::authenticate() - username: kevin
[03-Oct-2025 21:12:24 America/New_York] Auth::authenticate() - remember_me param: ''
[03-Oct-2025 21:12:24 America/New_York] Auth::authenticate() - remember_me bool: false
[03-Oct-2025 21:12:24 America/New_York] Auth::authenticate() - About to call auth->attempt()
[03-Oct-2025 21:12:24 America/New_York] Auth::startSession() - Setting session data
[03-Oct-2025 21:12:24 America/New_York] Auth::startSession() - user_id: 1
[03-Oct-2025 21:12:24 America/New_York] Auth::startSession() - logged_in: true
[03-Oct-2025 21:12:24 America/New_York] Auth::startSession() - session_id: 37ef9b8c429a522f0a5dd0c473e0ecde
[03-Oct-2025 21:12:24 America/New_York] Auth::authenticate() - Login successful, redirecting to dashboard
[03-Oct-2025 21:12:24 America/New_York] Dashboard::initialize() - Session data: Array
(
    [_token] => d06f72e7ce0998a783c2f929692a84703a8ec7b4a2f347369371f7c657576300
    [rate_limit_c299e53971ab2662107b688563ed120e] => Array
        (
            [count] => 1
            [window_start] => 1759540344
        )

    [user_id] => 1
    [username] => kevin
    [email] => kevin@example.com
    [logged_in] => 1
    [is_admin] => 1
    [login_time] => 1759540344
    [last_activity] => 1759540344
)

[03-Oct-2025 21:12:24 America/New_York] Dashboard::initialize() - isAuthenticated(): true
[03-Oct-2025 21:12:24 America/New_York] Dashboard::index() - Successfully reached dashboard index method
[03-Oct-2025 21:12:24 America/New_York] Dashboard::index() - Step 1: About to get dashboard stats
[03-Oct-2025 21:12:24 America/New_York] Dashboard::index() - Step 1: Dashboard stats loaded successfully
[03-Oct-2025 21:12:24 America/New_York] Dashboard::index() - Step 2: About to get recent content
[03-Oct-2025 21:12:24 America/New_York] Dashboard::index() - Step 2: Recent content loaded successfully
[03-Oct-2025 21:12:24 America/New_York] Dashboard::index() - Step 3: About to get recent activity
[03-Oct-2025 21:12:24 America/New_York] Dashboard::index() - Step 3 FAILED (using fallback): Query execution failed: SQLSTATE[42S02]: Base table or view not found: 1146 Table 'dalthaus_maincms.activity_logs' doesn't exist
[03-Oct-2025 21:12:24 America/New_York] Dashboard::index() - Step 4: About to get activity stats
[03-Oct-2025 21:12:24 America/New_York] Dashboard::index() - Step 4 FAILED (using fallback): Query execution failed: SQLSTATE[42S02]: Base table or view not found: 1146 Table 'dalthaus_maincms.activity_logs' doesn't exist
[03-Oct-2025 21:12:24 America/New_York] Dashboard::index() - About to render view
[03-Oct-2025 21:12:24 America/New_York] BaseController::render() - Starting render for template: admin/dashboard/index
[03-Oct-2025 21:12:24 America/New_York] BaseController::render() - Getting settings
[03-Oct-2025 21:12:24 America/New_York] BaseController::render() - Settings loaded successfully
[03-Oct-2025 21:12:24 America/New_York] BaseController::render() - Current user ID: 1
[03-Oct-2025 21:12:24 America/New_York] BaseController::render() - Loading user model
[03-Oct-2025 21:12:24 America/New_York] BaseController::render() - User loaded successfully
[03-Oct-2025 21:12:24 America/New_York] BaseController::render() - Generating CSRF token
[03-Oct-2025 21:12:24 America/New_York] BaseController::render() - CSRF token generated
[03-Oct-2025 21:12:24 America/New_York] BaseController::render() - Getting flash messages
[03-Oct-2025 21:12:24 America/New_York] BaseController::render() - Flash messages retrieved
[03-Oct-2025 21:12:24 America/New_York] BaseController::render() - About to call view->render()
[03-Oct-2025 21:12:24 America/New_York] BaseController::render() - View rendered successfully
[03-Oct-2025 21:12:57 America/New_York] BaseController::render() - Starting render for template: admin/auth/login
[03-Oct-2025 21:12:57 America/New_York] BaseController::render() - Getting settings
[03-Oct-2025 21:12:57 America/New_York] BaseController::render() - Settings loaded successfully
[03-Oct-2025 21:12:57 America/New_York] BaseController::render() - Current user ID: null
[03-Oct-2025 21:12:57 America/New_York] BaseController::render() - Getting flash messages
[03-Oct-2025 21:12:57 America/New_York] BaseController::render() - Flash messages retrieved
[03-Oct-2025 21:12:57 America/New_York] BaseController::render() - About to call view->render()
[03-Oct-2025 21:12:57 America/New_York] BaseController::render() - View rendered successfully
[03-Oct-2025 21:12:58 America/New_York] Auth::authenticate() - username: kevin
[03-Oct-2025 21:12:58 America/New_York] Auth::authenticate() - remember_me param: ''
[03-Oct-2025 21:12:58 America/New_York] Auth::authenticate() - remember_me bool: false
[03-Oct-2025 21:12:58 America/New_York] Auth::authenticate() - About to call auth->attempt()
[03-Oct-2025 21:12:58 America/New_York] Auth::startSession() - Setting session data
[03-Oct-2025 21:12:58 America/New_York] Auth::startSession() - user_id: 1
[03-Oct-2025 21:12:58 America/New_York] Auth::startSession() - logged_in: true
[03-Oct-2025 21:12:58 America/New_York] Auth::startSession() - session_id: 41b2316bb66bce66dffbb116f6f549e5
[03-Oct-2025 21:12:58 America/New_York] Auth::authenticate() - Login successful, redirecting to dashboard
[03-Oct-2025 21:12:58 America/New_York] Dashboard::initialize() - Session data: Array
(
    [_token] => 43db3a2171d9fb91e8417f0d4cb8903106172a4f944d3a7105eb56dfe2447731
    [rate_limit_c299e53971ab2662107b688563ed120e] => Array
        (
            [count] => 1
            [window_start] => 1759540378
        )

    [user_id] => 1
    [username] => kevin
    [email] => kevin@example.com
    [logged_in] => 1
    [is_admin] => 1
    [login_time] => 1759540378
    [last_activity] => 1759540378
)

[03-Oct-2025 21:12:58 America/New_York] Dashboard::initialize() - isAuthenticated(): true
[03-Oct-2025 21:12:58 America/New_York] Dashboard::index() - Successfully reached dashboard index method
[03-Oct-2025 21:12:58 America/New_York] Dashboard::index() - Step 1: About to get dashboard stats
[03-Oct-2025 21:12:58 America/New_York] Dashboard::index() - Step 1: Dashboard stats loaded successfully
[03-Oct-2025 21:12:58 America/New_York] Dashboard::index() - Step 2: About to get recent content
[03-Oct-2025 21:12:58 America/New_York] Dashboard::index() - Step 2: Recent content loaded successfully
[03-Oct-2025 21:12:58 America/New_York] Dashboard::index() - Step 3: About to get recent activity
[03-Oct-2025 21:12:58 America/New_York] Dashboard::index() - Step 3 FAILED (using fallback): Query execution failed: SQLSTATE[42S02]: Base table or view not found: 1146 Table 'dalthaus_maincms.activity_logs' doesn't exist
[03-Oct-2025 21:12:58 America/New_York] Dashboard::index() - Step 4: About to get activity stats
[03-Oct-2025 21:12:58 America/New_York] Dashboard::index() - Step 4 FAILED (using fallback): Query execution failed: SQLSTATE[42S02]: Base table or view not found: 1146 Table 'dalthaus_maincms.activity_logs' doesn't exist
[03-Oct-2025 21:12:58 America/New_York] Dashboard::index() - About to render view
[03-Oct-2025 21:12:58 America/New_York] BaseController::render() - Starting render for template: admin/dashboard/index
[03-Oct-2025 21:12:58 America/New_York] BaseController::render() - Getting settings
[03-Oct-2025 21:12:58 America/New_York] BaseController::render() - Settings loaded successfully
[03-Oct-2025 21:12:58 America/New_York] BaseController::render() - Current user ID: 1
[03-Oct-2025 21:12:58 America/New_York] BaseController::render() - Loading user model
[03-Oct-2025 21:12:58 America/New_York] BaseController::render() - User loaded successfully
[03-Oct-2025 21:12:58 America/New_York] BaseController::render() - Generating CSRF token
[03-Oct-2025 21:12:58 America/New_York] BaseController::render() - CSRF token generated
[03-Oct-2025 21:12:58 America/New_York] BaseController::render() - Getting flash messages
[03-Oct-2025 21:12:58 America/New_York] BaseController::render() - Flash messages retrieved
[03-Oct-2025 21:12:58 America/New_York] BaseController::render() - About to call view->render()
[03-Oct-2025 21:12:58 America/New_York] BaseController::render() - View rendered successfully
[03-Oct-2025 21:15:17 America/New_York] BaseController::render() - Starting render for template: admin/auth/login
[03-Oct-2025 21:15:17 America/New_York] BaseController::render() - Getting settings
[03-Oct-2025 21:15:17 America/New_York] BaseController::render() - Settings loaded successfully
[03-Oct-2025 21:15:17 America/New_York] BaseController::render() - Current user ID: null
[03-Oct-2025 21:15:17 America/New_York] BaseController::render() - Getting flash messages
[03-Oct-2025 21:15:17 America/New_York] BaseController::render() - Flash messages retrieved
[03-Oct-2025 21:15:17 America/New_York] BaseController::render() - About to call view->render()
[03-Oct-2025 21:15:17 America/New_York] BaseController::render() - View rendered successfully
[03-Oct-2025 21:15:18 America/New_York] Auth::authenticate() - username: kevin
[03-Oct-2025 21:15:18 America/New_York] Auth::authenticate() - remember_me param: ''
[03-Oct-2025 21:15:18 America/New_York] Auth::authenticate() - remember_me bool: false
[03-Oct-2025 21:15:18 America/New_York] Auth::authenticate() - About to call auth->attempt()
[03-Oct-2025 21:15:18 America/New_York] Auth::startSession() - Setting session data
[03-Oct-2025 21:15:18 America/New_York] Auth::startSession() - user_id: 1
[03-Oct-2025 21:15:18 America/New_York] Auth::startSession() - logged_in: true
[03-Oct-2025 21:15:18 America/New_York] Auth::startSession() - session_id: 329b901b0965df3e07836b53c2bc0d5e
[03-Oct-2025 21:15:18 America/New_York] Auth::authenticate() - Login successful, redirecting to dashboard
[03-Oct-2025 21:15:18 America/New_York] Dashboard::initialize() - Session data: Array
(
    [_token] => 5d7caf73540ddef99308ffeb8097451e9aee2b89f8e2d0dae1177e787a332e9b
    [rate_limit_c299e53971ab2662107b688563ed120e] => Array
        (
            [count] => 1
            [window_start] => 1759540518
        )

    [user_id] => 1
    [username] => kevin
    [email] => kevin@example.com
    [logged_in] => 1
    [is_admin] => 1
    [login_time] => 1759540518
    [last_activity] => 1759540518
)

[03-Oct-2025 21:15:18 America/New_York] Dashboard::initialize() - isAuthenticated(): true
[03-Oct-2025 21:15:18 America/New_York] Dashboard::index() - Successfully reached dashboard index method
[03-Oct-2025 21:15:18 America/New_York] Dashboard::index() - Step 1: About to get dashboard stats
[03-Oct-2025 21:15:18 America/New_York] Dashboard::index() - Step 1: Dashboard stats loaded successfully
[03-Oct-2025 21:15:18 America/New_York] Dashboard::index() - Step 2: About to get recent content
[03-Oct-2025 21:15:18 America/New_York] Dashboard::index() - Step 2: Recent content loaded successfully
[03-Oct-2025 21:15:18 America/New_York] Dashboard::index() - Step 3: About to get recent activity
[03-Oct-2025 21:15:18 America/New_York] Dashboard::index() - Step 3 FAILED (using fallback): Query execution failed: SQLSTATE[42S02]: Base table or view not found: 1146 Table 'dalthaus_maincms.activity_logs' doesn't exist
[03-Oct-2025 21:15:18 America/New_York] Dashboard::index() - Step 4: About to get activity stats
[03-Oct-2025 21:15:18 America/New_York] Dashboard::index() - Step 4 FAILED (using fallback): Query execution failed: SQLSTATE[42S02]: Base table or view not found: 1146 Table 'dalthaus_maincms.activity_logs' doesn't exist
[03-Oct-2025 21:15:18 America/New_York] Dashboard::index() - About to render view
[03-Oct-2025 21:15:18 America/New_York] BaseController::render() - Starting render for template: admin/dashboard/index
[03-Oct-2025 21:15:18 America/New_York] BaseController::render() - Getting settings
[03-Oct-2025 21:15:18 America/New_York] BaseController::render() - Settings loaded successfully
[03-Oct-2025 21:15:18 America/New_York] BaseController::render() - Current user ID: 1
[03-Oct-2025 21:15:18 America/New_York] BaseController::render() - Loading user model
[03-Oct-2025 21:15:18 America/New_York] BaseController::render() - User loaded successfully
[03-Oct-2025 21:15:18 America/New_York] BaseController::render() - Generating CSRF token
[03-Oct-2025 21:15:18 America/New_York] BaseController::render() - CSRF token generated
[03-Oct-2025 21:15:18 America/New_York] BaseController::render() - Getting flash messages
[03-Oct-2025 21:15:18 America/New_York] BaseController::render() - Flash messages retrieved
[03-Oct-2025 21:15:18 America/New_York] BaseController::render() - About to call view->render()
[03-Oct-2025 21:15:18 America/New_York] BaseController::render() - View rendered successfully
[03-Oct-2025 21:15:18 America/New_York] BaseController::render() - Starting render for template: admin/content/create
[03-Oct-2025 21:15:18 America/New_York] BaseController::render() - Getting settings
[03-Oct-2025 21:15:18 America/New_York] BaseController::render() - Settings loaded successfully
[03-Oct-2025 21:15:18 America/New_York] BaseController::render() - Current user ID: 1
[03-Oct-2025 21:15:18 America/New_York] BaseController::render() - Loading user model
[03-Oct-2025 21:15:18 America/New_York] BaseController::render() - User loaded successfully
[03-Oct-2025 21:15:18 America/New_York] BaseController::render() - Getting flash messages
[03-Oct-2025 21:15:18 America/New_York] BaseController::render() - Flash messages retrieved
[03-Oct-2025 21:15:18 America/New_York] BaseController::render() - About to call view->render()
[03-Oct-2025 21:15:18 America/New_York] BaseController::render() - View rendered successfully
[03-Oct-2025 21:18:23 America/New_York] BaseController::render() - Starting render for template: admin/auth/login
[03-Oct-2025 21:18:23 America/New_York] BaseController::render() - Getting settings
[03-Oct-2025 21:18:23 America/New_York] BaseController::render() - Settings loaded successfully
[03-Oct-2025 21:18:23 America/New_York] BaseController::render() - Current user ID: null
[03-Oct-2025 21:18:23 America/New_York] BaseController::render() - Getting flash messages
[03-Oct-2025 21:18:23 America/New_York] BaseController::render() - Flash messages retrieved
[03-Oct-2025 21:18:23 America/New_York] BaseController::render() - About to call view->render()
[03-Oct-2025 21:18:23 America/New_York] BaseController::render() - View rendered successfully
[03-Oct-2025 21:18:24 America/New_York] Auth::authenticate() - username: kevin
[03-Oct-2025 21:18:24 America/New_York] Auth::authenticate() - remember_me param: ''
[03-Oct-2025 21:18:24 America/New_York] Auth::authenticate() - remember_me bool: false
[03-Oct-2025 21:18:24 America/New_York] Auth::authenticate() - About to call auth->attempt()
[03-Oct-2025 21:18:24 America/New_York] Auth::startSession() - Setting session data
[03-Oct-2025 21:18:24 America/New_York] Auth::startSession() - user_id: 1
[03-Oct-2025 21:18:24 America/New_York] Auth::startSession() - logged_in: true
[03-Oct-2025 21:18:24 America/New_York] Auth::startSession() - session_id: 19d2c040b6872ecd1f4475583f54ae25
[03-Oct-2025 21:18:24 America/New_York] Auth::authenticate() - Login successful, redirecting to dashboard
[03-Oct-2025 21:18:24 America/New_York] Dashboard::initialize() - Session data: Array
(
    [_token] => 204b9164ced74a0c80b7d754c1584be34410465e1124e08f296e13eaabc65547
    [rate_limit_c299e53971ab2662107b688563ed120e] => Array
        (
            [count] => 1
            [window_start] => 1759540704
        )

    [user_id] => 1
    [username] => kevin
    [email] => kevin@example.com
    [logged_in] => 1
    [is_admin] => 1
    [login_time] => 1759540704
    [last_activity] => 1759540704
)

[03-Oct-2025 21:18:24 America/New_York] Dashboard::initialize() - isAuthenticated(): true
[03-Oct-2025 21:18:24 America/New_York] Dashboard::index() - Successfully reached dashboard index method
[03-Oct-2025 21:18:24 America/New_York] Dashboard::index() - Step 1: About to get dashboard stats
[03-Oct-2025 21:18:24 America/New_York] Dashboard::index() - Step 1: Dashboard stats loaded successfully
[03-Oct-2025 21:18:24 America/New_York] Dashboard::index() - Step 2: About to get recent content
[03-Oct-2025 21:18:24 America/New_York] Dashboard::index() - Step 2: Recent content loaded successfully
[03-Oct-2025 21:18:24 America/New_York] Dashboard::index() - Step 3: About to get recent activity
[03-Oct-2025 21:18:24 America/New_York] Dashboard::index() - Step 3 FAILED (using fallback): Query execution failed: SQLSTATE[42S02]: Base table or view not found: 1146 Table 'dalthaus_maincms.activity_logs' doesn't exist
[03-Oct-2025 21:18:24 America/New_York] Dashboard::index() - Step 4: About to get activity stats
[03-Oct-2025 21:18:24 America/New_York] Dashboard::index() - Step 4 FAILED (using fallback): Query execution failed: SQLSTATE[42S02]: Base table or view not found: 1146 Table 'dalthaus_maincms.activity_logs' doesn't exist
[03-Oct-2025 21:18:24 America/New_York] Dashboard::index() - About to render view
[03-Oct-2025 21:18:24 America/New_York] BaseController::render() - Starting render for template: admin/dashboard/index
[03-Oct-2025 21:18:24 America/New_York] BaseController::render() - Getting settings
[03-Oct-2025 21:18:24 America/New_York] BaseController::render() - Settings loaded successfully
[03-Oct-2025 21:18:24 America/New_York] BaseController::render() - Current user ID: 1
[03-Oct-2025 21:18:24 America/New_York] BaseController::render() - Loading user model
[03-Oct-2025 21:18:24 America/New_York] BaseController::render() - User loaded successfully
[03-Oct-2025 21:18:24 America/New_York] BaseController::render() - Generating CSRF token
[03-Oct-2025 21:18:24 America/New_York] BaseController::render() - CSRF token generated
[03-Oct-2025 21:18:24 America/New_York] BaseController::render() - Getting flash messages
[03-Oct-2025 21:18:24 America/New_York] BaseController::render() - Flash messages retrieved
[03-Oct-2025 21:18:24 America/New_York] BaseController::render() - About to call view->render()
[03-Oct-2025 21:18:24 America/New_York] BaseController::render() - View rendered successfully
[03-Oct-2025 21:18:24 America/New_York] BaseController::render() - Starting render for template: admin/content/create
[03-Oct-2025 21:18:24 America/New_York] BaseController::render() - Getting settings
[03-Oct-2025 21:18:24 America/New_York] BaseController::render() - Settings loaded successfully
[03-Oct-2025 21:18:24 America/New_York] BaseController::render() - Current user ID: 1
[03-Oct-2025 21:18:24 America/New_York] BaseController::render() - Loading user model
[03-Oct-2025 21:18:24 America/New_York] BaseController::render() - User loaded successfully
[03-Oct-2025 21:18:24 America/New_York] BaseController::render() - Getting flash messages
[03-Oct-2025 21:18:24 America/New_York] BaseController::render() - Flash messages retrieved
[03-Oct-2025 21:18:24 America/New_York] BaseController::render() - About to call view->render()
[03-Oct-2025 21:18:24 America/New_York] BaseController::render() - View rendered successfully
[03-Oct-2025 21:21:19 America/New_York] BaseController::render() - Starting render for template: admin/auth/login
[03-Oct-2025 21:21:19 America/New_York] BaseController::render() - Getting settings
[03-Oct-2025 21:21:19 America/New_York] BaseController::render() - Settings loaded successfully
[03-Oct-2025 21:21:19 America/New_York] BaseController::render() - Current user ID: null
[03-Oct-2025 21:21:19 America/New_York] BaseController::render() - Getting flash messages
[03-Oct-2025 21:21:19 America/New_York] BaseController::render() - Flash messages retrieved
[03-Oct-2025 21:21:19 America/New_York] BaseController::render() - About to call view->render()
[03-Oct-2025 21:21:19 America/New_York] BaseController::render() - View rendered successfully
[03-Oct-2025 21:21:20 America/New_York] Auth::authenticate() - username: kevin
[03-Oct-2025 21:21:20 America/New_York] Auth::authenticate() - remember_me param: ''
[03-Oct-2025 21:21:20 America/New_York] Auth::authenticate() - remember_me bool: false
[03-Oct-2025 21:21:20 America/New_York] Auth::authenticate() - About to call auth->attempt()
[03-Oct-2025 21:21:20 America/New_York] Auth::startSession() - Setting session data
[03-Oct-2025 21:21:20 America/New_York] Auth::startSession() - user_id: 1
[03-Oct-2025 21:21:20 America/New_York] Auth::startSession() - logged_in: true
[03-Oct-2025 21:21:20 America/New_York] Auth::startSession() - session_id: 9f8b828d492a0404b5d7b11ccac0c36a
[03-Oct-2025 21:21:20 America/New_York] Auth::authenticate() - Login successful, redirecting to dashboard
[03-Oct-2025 21:21:20 America/New_York] Dashboard::initialize() - Session data: Array
(
    [_token] => 4c31e2d7510547303dfbbc10dee9ad66420b56f265642ae4321227f140e42c1c
    [rate_limit_c299e53971ab2662107b688563ed120e] => Array
        (
            [count] => 1
            [window_start] => 1759540880
        )

    [user_id] => 1
    [username] => kevin
    [email] => kevin@example.com
    [logged_in] => 1
    [is_admin] => 1
    [login_time] => 1759540880
    [last_activity] => 1759540880
)

[03-Oct-2025 21:21:20 America/New_York] Dashboard::initialize() - isAuthenticated(): true
[03-Oct-2025 21:21:20 America/New_York] Dashboard::index() - Successfully reached dashboard index method
[03-Oct-2025 21:21:20 America/New_York] Dashboard::index() - Step 1: About to get dashboard stats
[03-Oct-2025 21:21:20 America/New_York] Dashboard::index() - Step 1: Dashboard stats loaded successfully
[03-Oct-2025 21:21:20 America/New_York] Dashboard::index() - Step 2: About to get recent content
[03-Oct-2025 21:21:20 America/New_York] Dashboard::index() - Step 2: Recent content loaded successfully
[03-Oct-2025 21:21:20 America/New_York] Dashboard::index() - Step 3: About to get recent activity
[03-Oct-2025 21:21:20 America/New_York] Dashboard::index() - Step 3 FAILED (using fallback): Query execution failed: SQLSTATE[42S02]: Base table or view not found: 1146 Table 'dalthaus_maincms.activity_logs' doesn't exist
[03-Oct-2025 21:21:20 America/New_York] Dashboard::index() - Step 4: About to get activity stats
[03-Oct-2025 21:21:20 America/New_York] Dashboard::index() - Step 4 FAILED (using fallback): Query execution failed: SQLSTATE[42S02]: Base table or view not found: 1146 Table 'dalthaus_maincms.activity_logs' doesn't exist
[03-Oct-2025 21:21:20 America/New_York] Dashboard::index() - About to render view
[03-Oct-2025 21:21:20 America/New_York] BaseController::render() - Starting render for template: admin/dashboard/index
[03-Oct-2025 21:21:20 America/New_York] BaseController::render() - Getting settings
[03-Oct-2025 21:21:20 America/New_York] BaseController::render() - Settings loaded successfully
[03-Oct-2025 21:21:20 America/New_York] BaseController::render() - Current user ID: 1
[03-Oct-2025 21:21:20 America/New_York] BaseController::render() - Loading user model
[03-Oct-2025 21:21:20 America/New_York] BaseController::render() - User loaded successfully
[03-Oct-2025 21:21:20 America/New_York] BaseController::render() - Generating CSRF token
[03-Oct-2025 21:21:20 America/New_York] BaseController::render() - CSRF token generated
[03-Oct-2025 21:21:20 America/New_York] BaseController::render() - Getting flash messages
[03-Oct-2025 21:21:20 America/New_York] BaseController::render() - Flash messages retrieved
[03-Oct-2025 21:21:20 America/New_York] BaseController::render() - About to call view->render()
[03-Oct-2025 21:21:20 America/New_York] BaseController::render() - View rendered successfully
[03-Oct-2025 21:21:21 America/New_York] BaseController::render() - Starting render for template: admin/content/create
[03-Oct-2025 21:21:21 America/New_York] BaseController::render() - Getting settings
[03-Oct-2025 21:21:21 America/New_York] BaseController::render() - Settings loaded successfully
[03-Oct-2025 21:21:21 America/New_York] BaseController::render() - Current user ID: 1
[03-Oct-2025 21:21:21 America/New_York] BaseController::render() - Loading user model
[03-Oct-2025 21:21:21 America/New_York] BaseController::render() - User loaded successfully
[03-Oct-2025 21:21:21 America/New_York] BaseController::render() - Getting flash messages
[03-Oct-2025 21:21:21 America/New_York] BaseController::render() - Flash messages retrieved
[03-Oct-2025 21:21:21 America/New_York] BaseController::render() - About to call view->render()
[03-Oct-2025 21:21:21 America/New_York] BaseController::render() - View rendered successfully
[03-Oct-2025 21:23:32 America/New_York] BaseController::render() - Starting render for template: errors/404
[03-Oct-2025 21:23:32 America/New_York] BaseController::render() - Getting settings
[03-Oct-2025 21:23:32 America/New_York] BaseController::render() - Settings loaded successfully
[03-Oct-2025 21:23:32 America/New_York] BaseController::render() - Current user ID: null
[03-Oct-2025 21:23:32 America/New_York] BaseController::render() - Generating CSRF token
[03-Oct-2025 21:23:32 America/New_York] BaseController::render() - CSRF token generated
[03-Oct-2025 21:23:32 America/New_York] BaseController::render() - Getting flash messages
[03-Oct-2025 21:23:32 America/New_York] BaseController::render() - Flash messages retrieved
[03-Oct-2025 21:23:32 America/New_York] BaseController::render() - About to call view->render()
[03-Oct-2025 21:23:32 America/New_York] BaseController::render() - View rendered successfully
[03-Oct-2025 21:23:35 America/New_York] BaseController::render() - Starting render for template: articles/index
[03-Oct-2025 21:23:35 America/New_York] BaseController::render() - Getting settings
[03-Oct-2025 21:23:35 America/New_York] BaseController::render() - Settings loaded successfully
[03-Oct-2025 21:23:35 America/New_York] BaseController::render() - Current user ID: null
[03-Oct-2025 21:23:35 America/New_York] BaseController::render() - Generating CSRF token
[03-Oct-2025 21:23:35 America/New_York] BaseController::render() - CSRF token generated
[03-Oct-2025 21:23:35 America/New_York] BaseController::render() - Getting flash messages
[03-Oct-2025 21:23:35 America/New_York] BaseController::render() - Flash messages retrieved
[03-Oct-2025 21:23:35 America/New_York] BaseController::render() - About to call view->render()
[03-Oct-2025 21:23:35 America/New_York] BaseController::render() - View rendered successfully
[03-Oct-2025 21:23:39 America/New_York] BaseController::render() - Starting render for template: home/index
[03-Oct-2025 21:23:39 America/New_York] BaseController::render() - Getting settings
[03-Oct-2025 21:23:39 America/New_York] BaseController::render() - Settings loaded successfully
[03-Oct-2025 21:23:39 America/New_York] BaseController::render() - Current user ID: null
[03-Oct-2025 21:23:39 America/New_York] BaseController::render() - Generating CSRF token
[03-Oct-2025 21:23:39 America/New_York] BaseController::render() - CSRF token generated
[03-Oct-2025 21:23:39 America/New_York] BaseController::render() - Getting flash messages
[03-Oct-2025 21:23:39 America/New_York] BaseController::render() - Flash messages retrieved
[03-Oct-2025 21:23:39 America/New_York] BaseController::render() - About to call view->render()
[03-Oct-2025 21:23:39 America/New_York] BaseController::render() - View rendered successfully
